Symbol, Timestamp, Price, Size, Exchange, Type
CSCO, 2021-03-05 10:00:00.123, 46.14, 120,  NYSE_ARCA,  Ask
MSFT, 2021-03-05 10:00:00.123, 228.50, 120,  NYSE,  Ask
CSCO, 2021-03-05 10:00:00.130, 46.13, 120,  NYSE,  TRADE
MSFT, 2021-03-05 10:00:00.134, 228.50, 120,  NYSE_ARCA,  Ask
